[pixio-nuxt.vercel.app/index-2.html]
[backblue.gif]
[fade.gif]
[index.html]
[cdn.jsdelivr.net/npm/bootstrap@5.3.3/dist/js/bootstrap.bundle.min.js]
[unpkg.com/isotope-layout@3.0.6/dist/isotope.pkgd.min.js]
[pixio-nuxt.vercel.app/_nuxt/lg.oyjwlqP2b687.ttf]
[pixio-nuxt.vercel.app/_nuxt/lg.CosQH4Cub687.woff]
[pixio-nuxt.vercel.app/_nuxt/lg.B0dIV2BSb687.svg]
[pixio-nuxt.vercel.app/_nuxt/loading.BZOHaeKn.gif]
[pixio-nuxt.vercel.app/_nuxt/feather.B6uk7rDze8ab.eot]
[pixio-nuxt.vercel.app/_nuxt/feather.BBViPOsBe8ab.woff]
[pixio-nuxt.vercel.app/_nuxt/feather.DJLJ3y0Ye8ab.ttf]
[pixio-nuxt.vercel.app/_nuxt/feather.CJHuDf5se8ab.svg]
[pixio-nuxt.vercel.app/_nuxt/fa-brands-400.B8Wb4MVL.woff2]
[pixio-nuxt.vercel.app/_nuxt/fa-brands-400.CSV3WZaS.ttf]
[pixio-nuxt.vercel.app/_nuxt/fa-regular-400.BtQPhu7h.woff2]
[pixio-nuxt.vercel.app/_nuxt/fa-regular-400.gi-Vc05f.ttf]
[pixio-nuxt.vercel.app/_nuxt/fa-solid-900.DByUvYfa.woff2]
[pixio-nuxt.vercel.app/_nuxt/fa-solid-900.CG7ny7S5.ttf]
[pixio-nuxt.vercel.app/_nuxt/fa-v4compatibility.DO8w6I3n.woff2]
[pixio-nuxt.vercel.app/_nuxt/fa-v4compatibility.C0mNVBVm.ttf]
[pixio-nuxt.vercel.app/_nuxt/themify.BifPJsew9f24.eot]
[pixio-nuxt.vercel.app/_nuxt/themify.BifPJsewd41d.eot]
[pixio-nuxt.vercel.app/_nuxt/themify.BgsFA67P9f24.woff]
[pixio-nuxt.vercel.app/_nuxt/themify.DuU3rJAt9f24.ttf]
[pixio-nuxt.vercel.app/_nuxt/themify.DqOiMLGc9f24.svg]
[pixio-nuxt.vercel.app/_nuxt/iconly.WKw8sDux.eot]
[pixio-nuxt.vercel.app/_nuxt/iconly.BRHTZKTx.ttf]
[pixio-nuxt.vercel.app/_nuxt/iconly.BvwKLJS4.woff]
[pixio-nuxt.vercel.app/iconly.1c.delayed]
[pixio-nuxt.vercel.app/_nuxt/flaticon_pixio.ByZBhMFzfd95.woff]
[pixio-nuxt.vercel.app/_nuxt/flaticon_pixio.t9H_B803fd95.woff2]
[pixio-nuxt.vercel.app/_nuxt/flaticon_pixio.Ds1g07e8fd95.eot]
[pixio-nuxt.vercel.app/_nuxt/flaticon_pixio.X7ajPU2ifd95.svg]
[pixio-nuxt.vercel.app/_nuxt/LufgaRegular.BnpCnuxz.woff]
[pixio-nuxt.vercel.app/_nuxt/LufgaItalic.D3RSSIc9.woff]
[pixio-nuxt.vercel.app/index.html]
[pixio-nuxt.vercel.app/_nuxt/LufgaThin.BVv_0rg5.woff]
[pixio-nuxt.vercel.app/_nuxt/LufgaThinItalic.7TkShESJ.woff]
[pixio-nuxt.vercel.app/_nuxt/LufgaExtraLight.BewFroGI.woff]
[pixio-nuxt.vercel.app/_nuxt/LufgaExtraLightItalic.Dnpa-7kZ.woff]
[pixio-nuxt.vercel.app/_nuxt/LufgaLight.eWgYuMHS.woff]
[pixio-nuxt.vercel.app/_nuxt/LufgaLightItalic.CVL0T6j8.woff]
[pixio-nuxt.vercel.app/_nuxt/LufgaMedium.CHDQaQeg.woff]
[pixio-nuxt.vercel.app/_nuxt/LufgaMediumItalic.CZodUKau.woff]
[pixio-nuxt.vercel.app/_nuxt/LufgaSemiBold.B0_zf8UD.woff]
[pixio-nuxt.vercel.app/_nuxt/LufgaSemiBoldItalic.Dj7NIEj5.woff]
[pixio-nuxt.vercel.app/_nuxt/LufgaBold.ieI0KLbU.woff]
[pixio-nuxt.vercel.app/_nuxt/LufgaBoldItalic.B3kT0wLq.woff]
[pixio-nuxt.vercel.app/_nuxt/LufgaExtraBold.BLhmdcIu.woff]
[pixio-nuxt.vercel.app/_nuxt/LufgaExtraBoldItalic.CeqBg8sE.woff]
[pixio-nuxt.vercel.app/_nuxt/LufgaBlack.CX2AqQ8h.woff]
[pixio-nuxt.vercel.app/_nuxt/LufgaBlackItalic.B57fPGm4.woff]
[pixio-nuxt.vercel.app/_nuxt/collection.DFCXxyEb.png]
[pixio-nuxt.vercel.app/_nuxt/ModelVideo.D8s-UBs2.css]
[pixio-nuxt.vercel.app/_nuxt/CustomeSelect.BU8WZRD7.css]
[pixio-nuxt.vercel.app/_nuxt/8Ro0-Fo2.js]
[pixio-nuxt.vercel.app/_nuxt/BJ94qsZf.js]
[pixio-nuxt.vercel.app/_nuxt/BmaPq17j.js]
[pixio-nuxt.vercel.app/_nuxt/CNwdK7ar.js]
[pixio-nuxt.vercel.app/_nuxt/yDd76Go4.js]
[pixio-nuxt.vercel.app/_nuxt/DJr3WlZF.js]
[pixio-nuxt.vercel.app/_nuxt/3GXL-aOY.js]
[pixio-nuxt.vercel.app/_nuxt/Dd88M1O6.js]
[pixio-nuxt.vercel.app/_nuxt/BVa3w18W.js]
[pixio-nuxt.vercel.app/_nuxt/DTdObMKV.js]
[pixio-nuxt.vercel.app/_nuxt/DlAUqK2U.js]
[pixio-nuxt.vercel.app/_nuxt/CpIdulJb.js]
[pixio-nuxt.vercel.app/_nuxt/D1n4Jlch.js]
[pixio-nuxt.vercel.app/_nuxt/CE21GdJp.js]
[pixio-nuxt.vercel.app/_nuxt/DYu-iU7c.js]
[pixio-nuxt.vercel.app/_nuxt/1.Cx9eAfJp.png]
[pixio-nuxt.vercel.app/_nuxt/2.D-31DoBL.png]
[pixio-nuxt.vercel.app/_nuxt/3.B3tJCLiH.png]
[pixio-nuxt.vercel.app/_nuxt/footer-img.DX4-JgYW.png]
[pixio-nuxt.vercel.app/_nuxt/lady-1.BRiBcX1g.png]
[pixio-nuxt.vercel.app/_nuxt/lady-2.s6MN2cSV.png]
[pixio-nuxt.vercel.app/_nuxt/lady-3.BWgWYTFG.png]
[pixio-nuxt.vercel.app/_nuxt/BUtBC6sc.js]
[pixio-nuxt.vercel.app/_nuxt/chSwQpG3.js]
[pixio-nuxt.vercel.app/_nuxt/CMoHlmKy.js]
[pixio-nuxt.vercel.app/_nuxt/Db7ax1pD.js]
[pixio-nuxt.vercel.app/_nuxt/2CI796XU.js]
[pixio-nuxt.vercel.app/_nuxt/C3LZK0Kj.js]
[pixio-nuxt.vercel.app/_nuxt/C7B-3Lcn.js]
[pixio-nuxt.vercel.app/_nuxt/pic1.eSxHmU7U.jpg]
[pixio-nuxt.vercel.app/_nuxt/pic2.DOJ8tY10.jpg]
[pixio-nuxt.vercel.app/_nuxt/pic3.C8pSbnkc.jpg]
[pixio-nuxt.vercel.app/_nuxt/pic4.CGn5K9X6.jpg]
[pixio-nuxt.vercel.app/_nuxt/pic5.DCV12LVa.jpg]
[pixio-nuxt.vercel.app/_nuxt/pic6.D3-6h_oE.jpg]
[pixio-nuxt.vercel.app/_nuxt/1.Bvl3F8fR.png]
[pixio-nuxt.vercel.app/_nuxt/2.jLyTz6xG.png]
[pixio-nuxt.vercel.app/_nuxt/3.B5W7BQtI.png]
[pixio-nuxt.vercel.app/_nuxt/4.CfSZrjjc.png]
[pixio-nuxt.vercel.app/_nuxt/5.BvDoC1hM.png]
[pixio-nuxt.vercel.app/_nuxt/6.-3TYks_0.png]
[pixio-nuxt.vercel.app/_nuxt/pic1.Dc74E7U4.png]
[pixio-nuxt.vercel.app/_nuxt/testimonial1.DeRDcKB6.jpg]
[pixio-nuxt.vercel.app/_nuxt/testimonial2.D4YAS0Yr.jpg]
[pixio-nuxt.vercel.app/_nuxt/testimonial3.vzKjBPdX.jpg]
[pixio-nuxt.vercel.app/_nuxt/bg2.DKOdlSUJ.jpg]
[pixio-nuxt.vercel.app/_nuxt/pic1.CkG-zlPz.jpg]
[pixio-nuxt.vercel.app/_nuxt/pic2.D9TlYDok.jpg]
[pixio-nuxt.vercel.app/_nuxt/pic3.ajypSCwZ.jpg]
[pixio-nuxt.vercel.app/_nuxt/pic4.Dsf5jvEH.jpg]
[pixio-nuxt.vercel.app/_nuxt/insta-follow.CH1S7YNq.png]
[pixio-nuxt.vercel.app/_nuxt/2.Cfhbhicf.png]
[pixio-nuxt.vercel.app/_nuxt/5.ChCTxPTl.png]
[pixio-nuxt.vercel.app/_nuxt/6.CodJOEYz.png]
[pixio-nuxt.vercel.app/_nuxt/7.D_PyUgY6.png]
[pixio-nuxt.vercel.app/_nuxt/4.Carn452S.png]
[pixio-nuxt.vercel.app/_nuxt/1.DUSobqN6.png]
[pixio-nuxt.vercel.app/_nuxt/3.DFzNmbxq.png]
[pixio-nuxt.vercel.app/_nuxt/1.ZtXoPDqG.png]
[pixio-nuxt.vercel.app/_nuxt/2.BO-y5aBJ.png]
[pixio-nuxt.vercel.app/_nuxt/3.DBbcP1Z0.png]
[pixio-nuxt.vercel.app/_nuxt/4.CmHDjemF.png]
[pixio-nuxt.vercel.app/_nuxt/1.1sH45pgG.png]
[pixio-nuxt.vercel.app/_nuxt/2.BYV5dITu.png]
[pixio-nuxt.vercel.app/_nuxt/3.DNjrh9yq.png]
[pixio-nuxt.vercel.app/_nuxt/8.D44tFAcU.png]
[pixio-nuxt.vercel.app/_nuxt/pic1.CwCk0apg.jpg]
[pixio-nuxt.vercel.app/_nuxt/pic2.rgExFhcC.jpg]
[pixio-nuxt.vercel.app/_nuxt/pic3.C88G_Bh-.jpg]
[pixio-nuxt.vercel.app/_nuxt/pic4.BaVWtMO-.jpg]
[pixio-nuxt.vercel.app/_nuxt/pic5.a6mHK5x8.jpg]
[pixio-nuxt.vercel.app/_nuxt/pic6.BYktfGwn.jpg]
[pixio-nuxt.vercel.app/_nuxt/pic1.BogsNDdg.jpg]
[pixio-nuxt.vercel.app/_nuxt/pic2.BKUvafl0.jpg]
[pixio-nuxt.vercel.app/_nuxt/pic1.DLdUW53e.jpg]
[pixio-nuxt.vercel.app/_nuxt/pic4.BpiouStI.jpg]
[pixio-nuxt.vercel.app/_nuxt/pic5.GOTUIixf.jpg]
[pixio-nuxt.vercel.app/_nuxt/pic6.DkgZWJ6F.jpg]
[pixio-nuxt.vercel.app/_nuxt/pic7.CRVs3Pf5.jpg]
[pixio-nuxt.vercel.app/_nuxt/pic1.IQ9j5nDY.jpg]
[pixio-nuxt.vercel.app/_nuxt/pic2.MKWw9KLI.jpg]
[pixio-nuxt.vercel.app/_nuxt/pic3.CwiGg4bF.jpg]
[pixio-nuxt.vercel.app/_nuxt/pic4.D761V2FV.jpg]
[pixio-nuxt.vercel.app/_nuxt/pic5.CjV7hgHW.jpg]
[pixio-nuxt.vercel.app/_nuxt/pic6.BXThtWqJ.jpg]
[pixio-nuxt.vercel.app/_nuxt/pic1.CB0tYGPI.jpg]
[pixio-nuxt.vercel.app/_nuxt/pic2.CDTZHvS4.jpg]
[pixio-nuxt.vercel.app/_nuxt/pic3.B2rDn4gi.jpg]
[pixio-nuxt.vercel.app/_nuxt/pic4.C06LkZP0.jpg]
[pixio-nuxt.vercel.app/_nuxt/pic5.DfH80kUl.jpg]
[pixio-nuxt.vercel.app/_nuxt/pic6.CuXwEO2z.jpg]
[pixio-nuxt.vercel.app/_nuxt/pic7.DJn2GcUr.jpg]
[pixio-nuxt.vercel.app/_nuxt/pic1.CoTLUL5V.jpg]
[pixio-nuxt.vercel.app/_nuxt/pic4.CW2J-5nR.jpg]
[pixio-nuxt.vercel.app/_nuxt/pic5.CbUEjHUS.jpg]
[pixio-nuxt.vercel.app/_nuxt/pic7.h5no8ZL8.jpg]
[pixio-nuxt.vercel.app/_nuxt/pic9.CjNQW9C7.jpg]
[pixio-nuxt.vercel.app/_nuxt/demo-1.-YE37Lcd.png]
[pixio-nuxt.vercel.app/_nuxt/demo-2.Dt16TWbD.png]
[pixio-nuxt.vercel.app/_nuxt/demo-3.hlfJaKv0.png]
[pixio-nuxt.vercel.app/_nuxt/adv-1.xCgKY7mh.png]
[pixio-nuxt.vercel.app/_nuxt/4.Cgxv2gWq.png]
[pixio-nuxt.vercel.app/shop-list.html]
[pixio-nuxt.vercel.app/shop-cart.html]
[pixio-nuxt.vercel.app/shop-wishlist.html]
[pixio-nuxt.vercel.app/shop-standard.html]
[pixio-nuxt.vercel.app/index-3.html]
[pixio-nuxt.vercel.app/shop-with-category.html]
[pixio-nuxt.vercel.app/shop-filters-top-bar.html]
[pixio-nuxt.vercel.app/shop-sidebar.html]
[pixio-nuxt.vercel.app/shop-style-1.html]
[pixio-nuxt.vercel.app/shop-style-2.html]
[pixio-nuxt.vercel.app/product-default.html]
[pixio-nuxt.vercel.app/product-thumbnail.html]
[pixio-nuxt.vercel.app/product-grid-media.html]
[pixio-nuxt.vercel.app/product-carousel.html]
[pixio-nuxt.vercel.app/product-full-width.html]
[pixio-nuxt.vercel.app/shop-checkout.html]
[pixio-nuxt.vercel.app/shop-compare.html]
[pixio-nuxt.vercel.app/shop-order-tracking.html]
[pixio-nuxt.vercel.app/login.html]
[pixio-nuxt.vercel.app/registration.html]
[pixio-nuxt.vercel.app/forget-password.html]
[pixio-nuxt.vercel.app/blog-dark-2-column.html]
[pixio-nuxt.vercel.app/blog-dark-2-column-sidebar.html]
[pixio-nuxt.vercel.app/blog-dark-3-column.html]
[pixio-nuxt.vercel.app/blog-dark-half-image.html]
[pixio-nuxt.vercel.app/blog-light-2-column.html]
[pixio-nuxt.vercel.app/blog-light-2-column-sidebar.html]
[pixio-nuxt.vercel.app/blog-light-half-image.html]
[pixio-nuxt.vercel.app/blog-exclusive.html]
[pixio-nuxt.vercel.app/blog-left-sidebar.html]
[pixio-nuxt.vercel.app/blog-right-sidebar.html]
[pixio-nuxt.vercel.app/blog-both-sidebar.html]
[pixio-nuxt.vercel.app/blog-wide-sidebar.html]
[pixio-nuxt.vercel.app/blog-archive.html]
[pixio-nuxt.vercel.app/blog-author.html]
[pixio-nuxt.vercel.app/blog-category.html]
[pixio-nuxt.vercel.app/blog-tag.html]
[pixio-nuxt.vercel.app/post-standard.html]
[pixio-nuxt.vercel.app/post-left-sidebar.html]
[pixio-nuxt.vercel.app/post-header-image.html]
[pixio-nuxt.vercel.app/post-slide-show.html]
[pixio-nuxt.vercel.app/post-side-image.html]
[pixio-nuxt.vercel.app/post-gallery.html]
[pixio-nuxt.vercel.app/post-gallery-alternative.html]
[pixio-nuxt.vercel.app/post-open-gutenberg.html]
[pixio-nuxt.vercel.app/post-link.html]
[pixio-nuxt.vercel.app/post-audio.html]
[pixio-nuxt.vercel.app/post-video.html]
[pixio-nuxt.vercel.app/portfolio-tiles.html]
[pixio-nuxt.vercel.app/collage-style-1.html]
[pixio-nuxt.vercel.app/collage-style-2.html]
[pixio-nuxt.vercel.app/masonry-grid.html]
[pixio-nuxt.vercel.app/cobble-style-1.html]
[pixio-nuxt.vercel.app/cobble-style-2.html]
[pixio-nuxt.vercel.app/portfolio-thumbs-slider.html]
[pixio-nuxt.vercel.app/portfolio-film-strip.html]
[pixio-nuxt.vercel.app/carousel-showcase.html]
[pixio-nuxt.vercel.app/portfolio-split-slider.html]
[pixio-nuxt.vercel.app/portfolio-details-1.html]
[pixio-nuxt.vercel.app/portfolio-details-2.html]
[pixio-nuxt.vercel.app/portfolio-details-3.html]
[pixio-nuxt.vercel.app/portfolio-details-4.html]
[pixio-nuxt.vercel.app/portfolio-details-5.html]
[pixio-nuxt.vercel.app/about-us.html]
[pixio-nuxt.vercel.app/about-me.html]
[pixio-nuxt.vercel.app/pricing-table.html]
[pixio-nuxt.vercel.app/our-gift-vouchers.html]
[pixio-nuxt.vercel.app/what-we-do.html]
[pixio-nuxt.vercel.app/faqs-1.html]
[pixio-nuxt.vercel.app/faqs-2.html]
[pixio-nuxt.vercel.app/our-team.html]
[pixio-nuxt.vercel.app/contact-us-1.html]
[pixio-nuxt.vercel.app/contact-us-2.html]
[pixio-nuxt.vercel.app/contact-us-3.html]
[pixio-nuxt.vercel.app/error-1.html]
[pixio-nuxt.vercel.app/error-2.html]
[pixio-nuxt.vercel.app/coming-soon.html]
[pixio-nuxt.vercel.app/under-construction.html]
[pixio-nuxt.vercel.app/banner-with-bg-color.html]
[pixio-nuxt.vercel.app/banner-with-image.html]
[pixio-nuxt.vercel.app/banner-with-video.html]
[pixio-nuxt.vercel.app/banner-with-kanbern.html]
[pixio-nuxt.vercel.app/banner-small.html]
[pixio-nuxt.vercel.app/banner-medium.html]
[pixio-nuxt.vercel.app/banner-large.html]
[pixio-nuxt.vercel.app/header-style-1.html]
[pixio-nuxt.vercel.app/header-style-2.html]
[pixio-nuxt.vercel.app/header-style-3.html]
[pixio-nuxt.vercel.app/header-style-4.html]
[pixio-nuxt.vercel.app/header-style-6.html]
[pixio-nuxt.vercel.app/header-style-5.html]
[pixio-nuxt.vercel.app/header-style-7.html]
[pixio-nuxt.vercel.app/footer-style-1.html]
[pixio-nuxt.vercel.app/footer-style-2.html]
[pixio-nuxt.vercel.app/footer-style-3.html]
[pixio-nuxt.vercel.app/footer-style-4.html]
[pixio-nuxt.vercel.app/footer-style-5.html]
[pixio-nuxt.vercel.app/footer-style-6.html]
[pixio-nuxt.vercel.app/footer-style-7.html]
[pixio-nuxt.vercel.app/account-orders.html]
[pixio-nuxt.vercel.app/account-order-details.html]
[pixio-nuxt.vercel.app/account-order-confirmation.html]
[pixio-nuxt.vercel.app/account-downloads.html]
[pixio-nuxt.vercel.app/account-return-request.html]
[pixio-nuxt.vercel.app/account-return-request-detail.html]
[pixio-nuxt.vercel.app/account-refund-requests-confirmed.html]
[pixio-nuxt.vercel.app/account-profile.html]
[pixio-nuxt.vercel.app/account-address.html]
[pixio-nuxt.vercel.app/account-shipping-methods.html]
[pixio-nuxt.vercel.app/account-payment-methods.html]
[pixio-nuxt.vercel.app/account-review.html]
[pixio-nuxt.vercel.app/account-billing-address.html]
[pixio-nuxt.vercel.app/account-shipping-address.html]
[pixio-nuxt.vercel.app/account-cancellation-requests.html]
[pixio-nuxt.vercel.app/https_/www.facebook.com/dexignzone.110.delayed]
[pixio-nuxt.vercel.app/https_/twitter.com/dexignzones.112.delayed]
[pixio-nuxt.vercel.app/index-2.html]
[pixio-nuxt.vercel.app/_nuxt/lg.B0dIV2BSb687.svg]
[pixio-nuxt.vercel.app/_nuxt/feather.CJHuDf5se8ab.svg]
[pixio-nuxt.vercel.app/_nuxt/themify.DqOiMLGc9f24.svg]
[pixio-nuxt.vercel.app/iconly.html]
[pixio-nuxt.vercel.app/_nuxt/flaticon_pixio.X7ajPU2ifd95.svg]
[pixio-nuxt.vercel.app/_nuxt/BVqpeRM9.js]
[pixio-nuxt.vercel.app/_nuxt/kKNArsK8.js]
[pixio-nuxt.vercel.app/_nuxt/BPZMvmvZ.js]
[pixio-nuxt.vercel.app/_nuxt/DFTCHf-z.js]
[pixio-nuxt.vercel.app/_nuxt/DXiaE6LZ.js]
[pixio-nuxt.vercel.app/_nuxt/map2.DJlk2r4x.png]
[pixio-nuxt.vercel.app/_nuxt/3.Bip01gFs.png]
[pixio-nuxt.vercel.app/_nuxt/4.Cfab1Yf0.png]
[pixio-nuxt.vercel.app/_nuxt/5.BZCuMSO8.png]
[pixio-nuxt.vercel.app/_nuxt/6.Dz5woYdn.png]
[pixio-nuxt.vercel.app/_nuxt/women.D1DUgv5q.png]
[pixio-nuxt.vercel.app/_nuxt/1.MTpS5Zei.png]
[pixio-nuxt.vercel.app/_nuxt/2.BcVNvWem.png]
[pixio-nuxt.vercel.app/_nuxt/4.nmksYu3-.png]
[pixio-nuxt.vercel.app/_nuxt/pic1.GRunxRqv.jpg]
[pixio-nuxt.vercel.app/_nuxt/pic2.BGt5hRHi.jpg]
[pixio-nuxt.vercel.app/_nuxt/4.CPVD5fRt.png]
[pixio-nuxt.vercel.app/_nuxt/5.DhcJewTC.png]
[pixio-nuxt.vercel.app/_nuxt/banner-media.B6TdITzb.png]
[pixio-nuxt.vercel.app/_nuxt/banner-media2.D06wEeOT.png]
[pixio-nuxt.vercel.app/_nuxt/banner-media4.DcNzu6e7.png]
[pixio-nuxt.vercel.app/_nuxt/banner-media5.DZy6CI7g.png]
[pixio-nuxt.vercel.app/_nuxt/1.Tqj0WWPq.png]
[pixio-nuxt.vercel.app/_nuxt/2.CwKc4hRV.png]
[pixio-nuxt.vercel.app/_nuxt/3.TOBg5TYo.png]
[pixio-nuxt.vercel.app/_nuxt/4.Ce-kj1bj.png]
[pixio-nuxt.vercel.app/_nuxt/5.Dc8Jk84F.png]
[pixio-nuxt.vercel.app/_nuxt/1.XC4Rykrl.png]
[pixio-nuxt.vercel.app/_nuxt/2.C7EVT-c4.png]
[pixio-nuxt.vercel.app/_nuxt/3.DaElF53b.png]
[pixio-nuxt.vercel.app/_nuxt/pic3.DHhrjku-.jpg]
[pixio-nuxt.vercel.app/_nuxt/product1.C_3WUjI1.png]
[pixio-nuxt.vercel.app/_nuxt/product2.DGOROea-.png]
[pixio-nuxt.vercel.app/_nuxt/1.3B9m8OjY.jpg]
[pixio-nuxt.vercel.app/_nuxt/2.7LuwUQFp.jpg]
[pixio-nuxt.vercel.app/_nuxt/3.CyJnbcsO.jpg]
[pixio-nuxt.vercel.app/_nuxt/logo4.DQPyKh5H.png]
[pixio-nuxt.vercel.app/_nuxt/1.aSLX1usv.jpg]
[pixio-nuxt.vercel.app/_nuxt/2.BsHJ8aoz.jpg]
[pixio-nuxt.vercel.app/_nuxt/3.CdL7UPqE.jpg]
[pixio-nuxt.vercel.app/_nuxt/4.Cba0XIgg.jpg]
[pixio-nuxt.vercel.app/_nuxt/5.BwbEde9G.jpg]
[pixio-nuxt.vercel.app/_nuxt/1.CG71giat.png]
[pixio-nuxt.vercel.app/_nuxt/2.SlDDySqZ.png]
[pixio-nuxt.vercel.app/_nuxt/3.D8jvCQx7.png]
[pixio-nuxt.vercel.app/w3menu.html]
[pixio-nuxt.vercel.app/blog-light-3-column.142.delayed]
[pixio-nuxt.vercel.app/index.html]
[pixio-nuxt.vercel.app/_nuxt/ModelVideo.D8s-UBs2.css]
[pixio-nuxt.vercel.app/_nuxt/CustomeSelect.BU8WZRD7.css]
[pixio-nuxt.vercel.app/_nuxt/CtN05BaC.js]
[pixio-nuxt.vercel.app/_nuxt/bdZ62W7J.js]
[pixio-nuxt.vercel.app/_nuxt/CZzSvdQW.js]
[pixio-nuxt.vercel.app/_nuxt/DcGlUZZR.js]
[pixio-nuxt.vercel.app/_nuxt/BL2yAN-L.js]
[pixio-nuxt.vercel.app/_nuxt/9.Cmgnlp8l.png]
[pixio-nuxt.vercel.app/_nuxt/bg1.CKSek83N.jpg]
[pixio-nuxt.vercel.app/shop-list.html]
[pixio-nuxt.vercel.app/_nuxt/tbGEKIl9.js]
[pixio-nuxt.vercel.app/shop-cart.html]
[pixio-nuxt.vercel.app/_nuxt/e6-9sVUw.js]
[pixio-nuxt.vercel.app/shop-wishlist.html]
[pixio-nuxt.vercel.app/_nuxt/ClqxJ6ZB.js]
[pixio-nuxt.vercel.app/_nuxt/CTk2o_IJ.js]
[pixio-nuxt.vercel.app/_nuxt/C1Njkjb7.js]
[pixio-nuxt.vercel.app/_nuxt/10.Ce35gu5q.png]
[pixio-nuxt.vercel.app/_nuxt/11.BOvtKs0r.png]
[pixio-nuxt.vercel.app/_nuxt/12.BkHFwT9M.png]
[pixio-nuxt.vercel.app/shop-standard.html]
[pixio-nuxt.vercel.app/_nuxt/rCrEqqu2.js]
[pixio-nuxt.vercel.app/_nuxt/Cl-6YquK.js]
[pixio-nuxt.vercel.app/_nuxt/BH0LXv9p.js]
[pixio-nuxt.vercel.app/_nuxt/Cvrm2FRp.js]
[pixio-nuxt.vercel.app/_nuxt/C5Qwr7dt.js]
[pixio-nuxt.vercel.app/_nuxt/banner-media3.Br6mWc3X.png]
[pixio-nuxt.vercel.app/_nuxt/pic8.BM8GKc8u.jpg]
[pixio-nuxt.vercel.app/_nuxt/pic1.dEtYnfuM.png]
[pixio-nuxt.vercel.app/_nuxt/pic2.CZ7HBe4f.png]
[pixio-nuxt.vercel.app/_nuxt/pic1.CR4Bi5um.jpg]
[pixio-nuxt.vercel.app/index-3.html]
[pixio-nuxt.vercel.app/shop-with-category.html]
[pixio-nuxt.vercel.app/_nuxt/Dsa8pjpH.js]
[pixio-nuxt.vercel.app/_nuxt/DYBNmsIH.js]
[pixio-nuxt.vercel.app/_nuxt/1.y4ZRSeCA.png]
[pixio-nuxt.vercel.app/_nuxt/2.D1r9kr9e.png]
[pixio-nuxt.vercel.app/shop-filters-top-bar.html]
[pixio-nuxt.vercel.app/shop-sidebar.html]
[pixio-nuxt.vercel.app/_nuxt/P-RWZBxw.js]
[pixio-nuxt.vercel.app/shop-style-1.html]
[pixio-nuxt.vercel.app/_nuxt/CBEucSeF.js]
[pixio-nuxt.vercel.app/shop-style-2.html]
[pixio-nuxt.vercel.app/_nuxt/AVXc4_wQ.js]
[pixio-nuxt.vercel.app/_nuxt/hBx6Zau9.js]
[pixio-nuxt.vercel.app/_nuxt/S5s1xCoG.js]
[pixio-nuxt.vercel.app/_nuxt/CarBbpu2.js]
[pixio-nuxt.vercel.app/_nuxt/CUO6m69O.js]
[pixio-nuxt.vercel.app/_nuxt/Cwh75dhO.js]
[pixio-nuxt.vercel.app/_nuxt/CHh0btTR.js]
[pixio-nuxt.vercel.app/_nuxt/C932wzq6.js]
[pixio-nuxt.vercel.app/_nuxt/1.BisMo_q4.png]
[pixio-nuxt.vercel.app/_nuxt/2.BLrFcJcN.png]
[pixio-nuxt.vercel.app/_nuxt/3.w-5O69_M.png]
[pixio-nuxt.vercel.app/_nuxt/1.DHnghCbP.png]
[pixio-nuxt.vercel.app/_nuxt/2.B0T5uEPm.png]
[pixio-nuxt.vercel.app/_nuxt/3.Bl_9Fv8O.png]
[pixio-nuxt.vercel.app/_nuxt/product1.Fmky2po7.png]
[pixio-nuxt.vercel.app/_nuxt/product2.D_B-U7Uc.png]
[pixio-nuxt.vercel.app/_nuxt/product3.DPR1z5ZQ.png]
[pixio-nuxt.vercel.app/_nuxt/profile4.DctnQtSO.jpg]
[pixio-nuxt.vercel.app/_nuxt/profile.D8IHiqdT.jpg]
[pixio-nuxt.vercel.app/_nuxt/profile2.BfFDtF13.jpg]
[pixio-nuxt.vercel.app/product-default.html]
[pixio-nuxt.vercel.app/_nuxt/DY4gB6Uw.js]
[pixio-nuxt.vercel.app/_nuxt/dress1.C8Idisz6.png]
[pixio-nuxt.vercel.app/_nuxt/dress2.C6P-amza.png]
[pixio-nuxt.vercel.app/_nuxt/dress3.CI6zY9jU.png]
[pixio-nuxt.vercel.app/_nuxt/dress4.DEJkxJG4.png]
[pixio-nuxt.vercel.app/_nuxt/product-details-1.B8-y0Isv.png]
[pixio-nuxt.vercel.app/product-thumbnail.html]
[pixio-nuxt.vercel.app/_nuxt/DhR57uHM.js]
[pixio-nuxt.vercel.app/_nuxt/1.DiupMgCg.png]
[pixio-nuxt.vercel.app/_nuxt/2.C7WEURCO.png]
[pixio-nuxt.vercel.app/_nuxt/3.TMDajjoE.png]
[pixio-nuxt.vercel.app/_nuxt/dress1.Cp4K0awM.png]
[pixio-nuxt.vercel.app/_nuxt/dress2.Bj0Sm2CD.png]
[pixio-nuxt.vercel.app/_nuxt/dress3.DS0VAvLr.png]
[pixio-nuxt.vercel.app/_nuxt/dress4.BVBIMSak.png]
[pixio-nuxt.vercel.app/product-grid-media.html]
[pixio-nuxt.vercel.app/_nuxt/BICsKm9x.js]
[pixio-nuxt.vercel.app/_nuxt/_FZKvXxQ.js]
[pixio-nuxt.vercel.app/_nuxt/1.CQ06jHh_.png]
[pixio-nuxt.vercel.app/_nuxt/2.uS6a9hw8.png]
[pixio-nuxt.vercel.app/_nuxt/3.CxRiM0FP.png]
[pixio-nuxt.vercel.app/_nuxt/pic1.BgUTX6eH.jpg]
[pixio-nuxt.vercel.app/_nuxt/pic2.V8umz9od.jpg]
[pixio-nuxt.vercel.app/_nuxt/pic3.hxdc5oqK.jpg]
[pixio-nuxt.vercel.app/product-carousel.html]
[pixio-nuxt.vercel.app/_nuxt/CQkiwNNe.js]
[pixio-nuxt.vercel.app/_nuxt/1.Bhdh8wid.png]
[pixio-nuxt.vercel.app/_nuxt/2.DG4zPbMS.png]
[pixio-nuxt.vercel.app/_nuxt/3.C_EajIyf.png]
[pixio-nuxt.vercel.app/_nuxt/1.CUFgjOR0.png]
[pixio-nuxt.vercel.app/_nuxt/2.D4mukuG-.png]
[pixio-nuxt.vercel.app/_nuxt/3.CMZg58Rd.png]
[pixio-nuxt.vercel.app/product-full-width.html]
[pixio-nuxt.vercel.app/_nuxt/BHMpL4xm.js]
[pixio-nuxt.vercel.app/_nuxt/payment.BP4Ti1o9.jpg]
[pixio-nuxt.vercel.app/shop-checkout.html]
[pixio-nuxt.vercel.app/_nuxt/0KKBXpfj.js]
[pixio-nuxt.vercel.app/_nuxt/NzIy5weG.js]
[pixio-nuxt.vercel.app/_nuxt/OHg7eQak.js]
[pixio-nuxt.vercel.app/shop-compare.html]
[pixio-nuxt.vercel.app/_nuxt/DrKJkqap.js]
[pixio-nuxt.vercel.app/_nuxt/DaW3FrEa.js]
[pixio-nuxt.vercel.app/_nuxt/pic2.AwrQAghT.png]
[pixio-nuxt.vercel.app/shop-order-tracking.html]
[pixio-nuxt.vercel.app/_nuxt/ByHJSHnS.js]
[pixio-nuxt.vercel.app/_nuxt/H167E6Jo.js]
[pixio-nuxt.vercel.app/_nuxt/pic3.Bx9Cp4Xz.png]
[pixio-nuxt.vercel.app/login.html]
[pixio-nuxt.vercel.app/registration.html]
[pixio-nuxt.vercel.app/_nuxt/BNu7T3lH.js]
[pixio-nuxt.vercel.app/forget-password.html]
[pixio-nuxt.vercel.app/_nuxt/DWbrTEaA.js]
[pixio-nuxt.vercel.app/_nuxt/CSJs4Nac.js]
[pixio-nuxt.vercel.app/_nuxt/Bc_XTvUb.js]
[pixio-nuxt.vercel.app/_nuxt/DrR51Abq.js]
[pixio-nuxt.vercel.app/_nuxt/CMXqQg2U.js]
[pixio-nuxt.vercel.app/_nuxt/pic2.CGCz_rBb.jpg]
[pixio-nuxt.vercel.app/_nuxt/pic3.BhLxYRX-.jpg]
[pixio-nuxt.vercel.app/_nuxt/pic4.k321hnj-.jpg]
[pixio-nuxt.vercel.app/blog-dark-2-column.html]
[pixio-nuxt.vercel.app/_nuxt/D2h85Fyj.js]
[pixio-nuxt.vercel.app/_nuxt/CijmXrDJ.js]
[pixio-nuxt.vercel.app/_nuxt/BPu5jBbZ.js]
[pixio-nuxt.vercel.app/_nuxt/zfW_B_LC.js]
[pixio-nuxt.vercel.app/_nuxt/pic1.qxXQctlZ.jpg]
[pixio-nuxt.vercel.app/_nuxt/pic2.DyCqNDdW.jpg]
[pixio-nuxt.vercel.app/_nuxt/pic3.Ym6OCMKh.jpg]
[pixio-nuxt.vercel.app/_nuxt/pic4.Ct2pN6HM.jpg]
[pixio-nuxt.vercel.app/_nuxt/pic5.BUoeG-GW.jpg]
[pixio-nuxt.vercel.app/_nuxt/pic6.U_0sfVpT.jpg]
[pixio-nuxt.vercel.app/_nuxt/pic1.BsMpcWBt.jpg]
[pixio-nuxt.vercel.app/_nuxt/pic2.alg4dNwY.jpg]
[pixio-nuxt.vercel.app/_nuxt/pic3.BwA0e08W.jpg]
[pixio-nuxt.vercel.app/blog-dark-2-column-sidebar.html]
[pixio-nuxt.vercel.app/blog-dark-3-column.html]
[pixio-nuxt.vercel.app/_nuxt/D6cu3suJ.js]
[pixio-nuxt.vercel.app/_nuxt/DNEonhhX.js]
[pixio-nuxt.vercel.app/_nuxt/C9Hj_Ln7.js]
[pixio-nuxt.vercel.app/_nuxt/pic5.CAzTV7JW.jpg]
[pixio-nuxt.vercel.app/_nuxt/pic6.2dLos-IG.jpg]
[pixio-nuxt.vercel.app/blog-dark-half-image.html]
[pixio-nuxt.vercel.app/blog-light-2-column.html]
[pixio-nuxt.vercel.app/_nuxt/CbKljeNI.js]
[pixio-nuxt.vercel.app/blog-light-2-column-sidebar.html]
[pixio-nuxt.vercel.app/_nuxt/BJskLZnl.js]
[pixio-nuxt.vercel.app/blog-light-half-image.html]
[pixio-nuxt.vercel.app/_nuxt/DyYD_Wrg.js]
[pixio-nuxt.vercel.app/_nuxt/Cc_UKwRF.js]
[pixio-nuxt.vercel.app/_nuxt/pic1.DJKjzzIo.png]
[pixio-nuxt.vercel.app/_nuxt/pic2.DS3EO8T1.png]
[pixio-nuxt.vercel.app/_nuxt/pic3.vXng1MQT.png]
[pixio-nuxt.vercel.app/_nuxt/pic4.VkurGBfX.png]
[pixio-nuxt.vercel.app/_nuxt/pic5.DE7esDEB.png]
[pixio-nuxt.vercel.app/_nuxt/pic6.BMKxt1Pg.png]
[pixio-nuxt.vercel.app/_nuxt/pic7.BBXDYIse.png]
[pixio-nuxt.vercel.app/_nuxt/pic8.DF-SUm5W.png]
[pixio-nuxt.vercel.app/blog-exclusive.html]
[pixio-nuxt.vercel.app/blog-left-sidebar.html]
[pixio-nuxt.vercel.app/_nuxt/B8tcqbf1.js]
[pixio-nuxt.vercel.app/blog-right-sidebar.html]
[pixio-nuxt.vercel.app/_nuxt/CpmwvGFx.js]
[pixio-nuxt.vercel.app/blog-both-sidebar.html]
[pixio-nuxt.vercel.app/_nuxt/DkDNUTGv.js]
[pixio-nuxt.vercel.app/blog-wide-sidebar.html]
[pixio-nuxt.vercel.app/_nuxt/uL1kgep5.js]
[pixio-nuxt.vercel.app/blog-archive.html]
[pixio-nuxt.vercel.app/_nuxt/_kGlukpz.js]
[pixio-nuxt.vercel.app/_nuxt/Bf8ee3oA.js]
[pixio-nuxt.vercel.app/_nuxt/DUGWqrDe.js]
[pixio-nuxt.vercel.app/https_/www.behance.net/dexignzone.1cd.delayed]
[pixio-nuxt.vercel.app/blog-author.html]
[pixio-nuxt.vercel.app/blog-category.html]
[pixio-nuxt.vercel.app/_nuxt/6WURNeCm.js]
[pixio-nuxt.vercel.app/blog-tag.html]
[pixio-nuxt.vercel.app/_nuxt/DL4sCmzW.js]
[pixio-nuxt.vercel.app/_nuxt/VPOKueD9.js]
[pixio-nuxt.vercel.app/_nuxt/DZTcBe49.js]
[pixio-nuxt.vercel.app/_nuxt/pic1.B1-1rFz3.jpg]
[pixio-nuxt.vercel.app/post-standard.html]
[pixio-nuxt.vercel.app/post-left-sidebar.html]
[pixio-nuxt.vercel.app/_nuxt/D7v7beNB.js]
[pixio-nuxt.vercel.app/_nuxt/jn0gN23X.js]
[pixio-nuxt.vercel.app/_nuxt/jqGoicQy.js]
[pixio-nuxt.vercel.app/_nuxt/pic2.BpX3d3PR.jpg]
[pixio-nuxt.vercel.app/_nuxt/pic3.B3_ws9C_.jpg]
[pixio-nuxt.vercel.app/post-header-image.html]
[pixio-nuxt.vercel.app/_nuxt/CqoFmxix.js]
[pixio-nuxt.vercel.app/_nuxt/BmUAkLiR.js]
[pixio-nuxt.vercel.app/_nuxt/pic4.ZLlzd8Ib.jpg]
[pixio-nuxt.vercel.app/_nuxt/pic5.D8XCMP7l.jpg]
[pixio-nuxt.vercel.app/_nuxt/pic6.Chh86qhS.jpg]
[pixio-nuxt.vercel.app/post-slide-show.html]
[pixio-nuxt.vercel.app/_nuxt/Bf8Kel1t.js]
[pixio-nuxt.vercel.app/_nuxt/pic7.CXzuSO5w.jpg]
[pixio-nuxt.vercel.app/post-side-image.html]
[pixio-nuxt.vercel.app/post-gallery.html]
[pixio-nuxt.vercel.app/_nuxt/CY07j5Pi.js]
[pixio-nuxt.vercel.app/post-gallery-alternative.html]
[pixio-nuxt.vercel.app/_nuxt/DLHs05zP.js]
[pixio-nuxt.vercel.app/post-open-gutenberg.html]
[pixio-nuxt.vercel.app/_nuxt/Bmf-DrYj.js]
[pixio-nuxt.vercel.app/post-link.html]
[pixio-nuxt.vercel.app/_nuxt/DzfuEkuL.js]
[pixio-nuxt.vercel.app/post-audio.html]
[pixio-nuxt.vercel.app/_nuxt/FiHalfXX.js]
[pixio-nuxt.vercel.app/post-video.html]
[pixio-nuxt.vercel.app/_nuxt/C4vX3fmn.js]
[pixio-nuxt.vercel.app/portfolio-tiles.html]
[pixio-nuxt.vercel.app/_nuxt/BL5nYsL8.js]
[pixio-nuxt.vercel.app/collage-style-1.html]
[pixio-nuxt.vercel.app/_nuxt/DBzlvyCP.js]
[pixio-nuxt.vercel.app/_nuxt/DobevP80.js]
[pixio-nuxt.vercel.app/_nuxt/pic1.DoiTel3x.jpg]
[pixio-nuxt.vercel.app/_nuxt/pic2.M-lRarW4.jpg]
[pixio-nuxt.vercel.app/_nuxt/pic4.DwMr1RFy.jpg]
[pixio-nuxt.vercel.app/collage-style-2.html]
[pixio-nuxt.vercel.app/_nuxt/Cc1sNGP_.js]
[pixio-nuxt.vercel.app/_nuxt/pic2.Dc1NMqVu.jpg]
[pixio-nuxt.vercel.app/_nuxt/pic3.cDXQdfwU.jpg]
[pixio-nuxt.vercel.app/_nuxt/pic5.DsDIHyO-.jpg]
[pixio-nuxt.vercel.app/_nuxt/pic6.BI33rPo9.jpg]
[pixio-nuxt.vercel.app/_nuxt/pic4.B2uOitcl.jpg]
[pixio-nuxt.vercel.app/masonry-grid.html]
[pixio-nuxt.vercel.app/_nuxt/BTi1boQA.js]
[pixio-nuxt.vercel.app/_nuxt/pic1.DmuCb46w.jpg]
[pixio-nuxt.vercel.app/_nuxt/pic2.Bo_krNrs.jpg]
[pixio-nuxt.vercel.app/_nuxt/pic3.DqbggY2G.jpg]
[pixio-nuxt.vercel.app/_nuxt/pic4.CbhdmSim.jpg]
[pixio-nuxt.vercel.app/_nuxt/pic5.BfPyhl_s.jpg]
[pixio-nuxt.vercel.app/_nuxt/pic6.CsGTUCj6.jpg]
[pixio-nuxt.vercel.app/_nuxt/pic7.BbJ0Xaeu.jpg]
[pixio-nuxt.vercel.app/_nuxt/pic8.D64shUfV.jpg]
[pixio-nuxt.vercel.app/_nuxt/pic9.BuClo0xM.jpg]
[pixio-nuxt.vercel.app/_nuxt/pic10.BeulpEJv.jpg]
[pixio-nuxt.vercel.app/cobble-style-1.html]
[pixio-nuxt.vercel.app/_nuxt/C74-l-jv.js]
[pixio-nuxt.vercel.app/_nuxt/pic1.DV5sz-KO.jpg]
[pixio-nuxt.vercel.app/_nuxt/pic2.C9L2BgX0.jpg]
[pixio-nuxt.vercel.app/_nuxt/pic3.CIUT-VXY.jpg]
[pixio-nuxt.vercel.app/_nuxt/pic4.B7nvTrK9.jpg]
[pixio-nuxt.vercel.app/_nuxt/pic5.DWsQHyqn.jpg]
[pixio-nuxt.vercel.app/_nuxt/pic6.BBHPL3Xd.jpg]
[pixio-nuxt.vercel.app/cobble-style-2.html]
[pixio-nuxt.vercel.app/_nuxt/BRV43k_E.js]
[pixio-nuxt.vercel.app/_nuxt/pic1.BU9sbzpk.jpg]
[pixio-nuxt.vercel.app/_nuxt/pic2.CjE23wzy.jpg]
[pixio-nuxt.vercel.app/_nuxt/pic3.BO24uguC.jpg]
[pixio-nuxt.vercel.app/_nuxt/pic4.BVTJ9bSu.jpg]
[pixio-nuxt.vercel.app/_nuxt/pic5.BnFliS7R.jpg]
[pixio-nuxt.vercel.app/_nuxt/pic6.wQEkwvfM.jpg]
[pixio-nuxt.vercel.app/_nuxt/pic7.D7LI2E0b.jpg]
[pixio-nuxt.vercel.app/_nuxt/pic8.dYlfWb2I.jpg]
[pixio-nuxt.vercel.app/portfolio-thumbs-slider.html]
[pixio-nuxt.vercel.app/_nuxt/CXPe75UB.js]
[pixio-nuxt.vercel.app/_nuxt/pic1.D5yaSvhI.jpg]
[pixio-nuxt.vercel.app/_nuxt/pic2.D0_8UNxj.jpg]
[pixio-nuxt.vercel.app/_nuxt/pic3.D60T_2yh.jpg]
[pixio-nuxt.vercel.app/portfolio-film-strip.html]
[pixio-nuxt.vercel.app/carousel-showcase.html]
[pixio-nuxt.vercel.app/_nuxt/B6KKXgOJ.js]
[pixio-nuxt.vercel.app/_nuxt/phMYKN3_.js]
[pixio-nuxt.vercel.app/_nuxt/pic2.DeuNG5Zh.jpg]
[pixio-nuxt.vercel.app/_nuxt/pic3.DOmRXb7f.jpg]
[pixio-nuxt.vercel.app/_nuxt/pic6.BAexXxG8.jpg]
[pixio-nuxt.vercel.app/_nuxt/pic8.BDIn46aw.jpg]
[pixio-nuxt.vercel.app/_nuxt/pic11.5s3g4Uh5.jpg]
[pixio-nuxt.vercel.app/portfolio-split-slider.html]
[pixio-nuxt.vercel.app/_nuxt/BaJ7CG0n.js]
[pixio-nuxt.vercel.app/_nuxt/BbaeWxDC.js]
[pixio-nuxt.vercel.app/_nuxt/post-1.BnP8XkBI.jpg]
[pixio-nuxt.vercel.app/_nuxt/post-2.CRCQRFpJ.jpg]
[pixio-nuxt.vercel.app/portfolio-details-1.html]
[pixio-nuxt.vercel.app/_nuxt/DxxrSd1p.js]
[pixio-nuxt.vercel.app/_nuxt/banner-bg.CgCuLICw.jpg]
[pixio-nuxt.vercel.app/portfolio-details-2.html]
[pixio-nuxt.vercel.app/_nuxt/fyASN6iP.js]
[pixio-nuxt.vercel.app/_nuxt/C5Y2Cjm5.js]
[pixio-nuxt.vercel.app/_nuxt/about1.DgIFG9N6.jpg]
[pixio-nuxt.vercel.app/portfolio-details-3.html]
[pixio-nuxt.vercel.app/_nuxt/BqD0G7my.js]
[pixio-nuxt.vercel.app/_nuxt/banner-bg.BZhlEMFT.jpg]
[pixio-nuxt.vercel.app/portfolio-details-4.html]
[pixio-nuxt.vercel.app/portfolio-details-5.html]
[pixio-nuxt.vercel.app/_nuxt/D7aJwnhm.js]
[pixio-nuxt.vercel.app/_nuxt/whTxG1tj.js]
[pixio-nuxt.vercel.app/_nuxt/qfFYHcFy.js]
[pixio-nuxt.vercel.app/_nuxt/B9fJcEem.js]
[pixio-nuxt.vercel.app/_nuxt/BLActv0P.js]
[pixio-nuxt.vercel.app/_nuxt/CSQmMmgG.js]
[pixio-nuxt.vercel.app/_nuxt/BqMY3qTD.js]
[pixio-nuxt.vercel.app/_nuxt/bg-video.CSAwugCc.mp4]
[pixio-nuxt.vercel.app/_nuxt/men.DZNUvwKz.png]
[pixio-nuxt.vercel.app/_nuxt/testimonial4.BafMfrCR.jpg]
[pixio-nuxt.vercel.app/_nuxt/pic1.CjFYAFUo.jpg]
[pixio-nuxt.vercel.app/_nuxt/pic2.BRpp0ijI.jpg]
[pixio-nuxt.vercel.app/_nuxt/pic3.DEPIwYOm.jpg]
[pixio-nuxt.vercel.app/_nuxt/pic4.DmzqJp9j.jpg]
[pixio-nuxt.vercel.app/_nuxt/pic5.Chj0zZpZ.jpg]
[pixio-nuxt.vercel.app/_nuxt/pic6.BAralKWc.jpg]
[pixio-nuxt.vercel.app/https_/twitter.com/dexignzone.233.delayed]
[pixio-nuxt.vercel.app/about-us.html]
[pixio-nuxt.vercel.app/_nuxt/aj4NPE60.js]
[pixio-nuxt.vercel.app/_nuxt/C38M4YpG.js]
[pixio-nuxt.vercel.app/_nuxt/pic4.ckaunSUI.jpg]
[pixio-nuxt.vercel.app/_nuxt/pic5.DnKZse-p.jpg]
[pixio-nuxt.vercel.app/_nuxt/pic6.C6IybIIW.jpg]
[pixio-nuxt.vercel.app/_nuxt/girl.BGZBnXhl.png]
[pixio-nuxt.vercel.app/_nuxt/pic1.DypJGHdb.png]
[pixio-nuxt.vercel.app/_nuxt/pic2.CMthGKzW.png]
[pixio-nuxt.vercel.app/_nuxt/line-shap._2-iskI4.png]
[pixio-nuxt.vercel.app/_nuxt/pic7.ClqVwM2a.jpg]
[pixio-nuxt.vercel.app/about-me.html]
[pixio-nuxt.vercel.app/pricing-table.html]
[pixio-nuxt.vercel.app/_nuxt/zCfxwltN.js]
[pixio-nuxt.vercel.app/_nuxt/to63KCA7.js]
[pixio-nuxt.vercel.app/_nuxt/pic1.ChihK9K6.jpg]
[pixio-nuxt.vercel.app/_nuxt/pic2.BvD8xOOl.jpg]
[pixio-nuxt.vercel.app/_nuxt/pic3.kI5nY_ln.jpg]
[pixio-nuxt.vercel.app/_nuxt/pic4.D3sSoShG.jpg]
[pixio-nuxt.vercel.app/_nuxt/pic5.DUWCghpe.jpg]
[pixio-nuxt.vercel.app/_nuxt/pic6.DSvM632E.jpg]
[pixio-nuxt.vercel.app/our-gift-vouchers.html]
[pixio-nuxt.vercel.app/_nuxt/DkSNPc-6.js]
[pixio-nuxt.vercel.app/_nuxt/Ey-9THHe.js]
[pixio-nuxt.vercel.app/_nuxt/lady3.BjsR750V.png]
[pixio-nuxt.vercel.app/_nuxt/bg7.CUbIO3Ry.jpg]
[pixio-nuxt.vercel.app/what-we-do.html]
[pixio-nuxt.vercel.app/faqs-1.html]
[pixio-nuxt.vercel.app/_nuxt/1wVZE0ut.js]
[pixio-nuxt.vercel.app/_nuxt/CSl1CuCU.js]
[pixio-nuxt.vercel.app/_nuxt/pic1.BRVDdwXc.jpg]
[pixio-nuxt.vercel.app/faqs-2.html]
[pixio-nuxt.vercel.app/our-team.html]
[pixio-nuxt.vercel.app/_nuxt/BWayEbQ9.js]
[pixio-nuxt.vercel.app/contact-us-1.html]
[pixio-nuxt.vercel.app/_nuxt/gr94kcCD.js]
[pixio-nuxt.vercel.app/_nuxt/fu0yMR93.js]
[pixio-nuxt.vercel.app/_nuxt/map.BGaDEsED.png]
[pixio-nuxt.vercel.app/nav-1.251.delayed]
[pixio-nuxt.vercel.app/nav-2.252.delayed]
[pixio-nuxt.vercel.app/nav-3.253.delayed]
[pixio-nuxt.vercel.app/contact-us-2.html]
[pixio-nuxt.vercel.app/_nuxt/CZ8X-xNq.js]
[pixio-nuxt.vercel.app/contact-us-3.html]
[pixio-nuxt.vercel.app/_nuxt/CZUOY7_o.js]
[pixio-nuxt.vercel.app/_nuxt/Dn7F9UTE.js]
[pixio-nuxt.vercel.app/_nuxt/pic-404.CL1fS__K.png]
[pixio-nuxt.vercel.app/error-1.html]
[pixio-nuxt.vercel.app/_nuxt/Tr8ao9L0.js]
[pixio-nuxt.vercel.app/_nuxt/circle-lines3.V25pRxbj.png]
[pixio-nuxt.vercel.app/_nuxt/circle-lines4.CwYnTy8O.png]
[pixio-nuxt.vercel.app/error-2.html]
[pixio-nuxt.vercel.app/_nuxt/CtOWHZHa.js]
[pixio-nuxt.vercel.app/_nuxt/DlEh1Aeg.js]
[pixio-nuxt.vercel.app/_nuxt/circle-lines2.DI0tuzs_.png]
[pixio-nuxt.vercel.app/_nuxt/lady.EK3-qQl8.png]
[pixio-nuxt.vercel.app/_nuxt/circle-lines.OWIA_mtZ.png]
[pixio-nuxt.vercel.app/coming-soon.html]
[pixio-nuxt.vercel.app/_nuxt/GGRFV5TP.js]
[pixio-nuxt.vercel.app/_nuxt/pic1.CrYe0K9i.png]
[pixio-nuxt.vercel.app/under-construction.html]
[pixio-nuxt.vercel.app/banner-with-bg-color.html]
[pixio-nuxt.vercel.app/_nuxt/LAjflUFB.js]
[pixio-nuxt.vercel.app/_nuxt/CATu3S4I.js]
[pixio-nuxt.vercel.app/_nuxt/pic1.BGqDiFuN.png]
[pixio-nuxt.vercel.app/_nuxt/bg-shape.BK9sjJxF.jpg]
[pixio-nuxt.vercel.app/banner-with-image.html]
[pixio-nuxt.vercel.app/banner-with-video.html]
[pixio-nuxt.vercel.app/_nuxt/DHSjy-pd.js]
[pixio-nuxt.vercel.app/_nuxt/r9gDZ9Zp.js]
[pixio-nuxt.vercel.app/_nuxt/5iVeN3Pt.js]
[pixio-nuxt.vercel.app/banner-with-kanbern.html]
[pixio-nuxt.vercel.app/_nuxt/J_idqPFh.js]
[pixio-nuxt.vercel.app/banner-small.html]
[pixio-nuxt.vercel.app/_nuxt/g0YrZM1w.js]
[pixio-nuxt.vercel.app/banner-medium.html]
[pixio-nuxt.vercel.app/_nuxt/keQxbG1h.js]
[pixio-nuxt.vercel.app/banner-large.html]
[pixio-nuxt.vercel.app/_nuxt/YH_tgyBg.js]
[pixio-nuxt.vercel.app/header-style-1.html]
[pixio-nuxt.vercel.app/_nuxt/DtfGGUft.js]
[pixio-nuxt.vercel.app/header-style-2.html]
[pixio-nuxt.vercel.app/_nuxt/DnG3WaLH.js]
[pixio-nuxt.vercel.app/_nuxt/B1o8mUNY.js]
[pixio-nuxt.vercel.app/header-style-3.html]
[pixio-nuxt.vercel.app/_nuxt/E49F7dz7.js]
[pixio-nuxt.vercel.app/header-style-4.html]
[pixio-nuxt.vercel.app/_nuxt/B34yA7dG.js]
[pixio-nuxt.vercel.app/header-style-5.html]
[pixio-nuxt.vercel.app/_nuxt/B-b2IPl8.js]
[pixio-nuxt.vercel.app/header-style-6.html]
[pixio-nuxt.vercel.app/_nuxt/DTEHTLG1.js]
[pixio-nuxt.vercel.app/header-style-7.html]
[pixio-nuxt.vercel.app/_nuxt/DzDpw-yc.js]
[pixio-nuxt.vercel.app/footer-style-1.html]
[pixio-nuxt.vercel.app/_nuxt/DkcdUagD.js]
[pixio-nuxt.vercel.app/footer-style-2.html]
[pixio-nuxt.vercel.app/_nuxt/BwUkPbG-.js]
[pixio-nuxt.vercel.app/footer-style-3.html]
[pixio-nuxt.vercel.app/_nuxt/F50juo-O.js]
[pixio-nuxt.vercel.app/footer-style-4.html]
[pixio-nuxt.vercel.app/_nuxt/DjPh4fd_.js]
[pixio-nuxt.vercel.app/footer-style-5.html]
[pixio-nuxt.vercel.app/_nuxt/zNgLPRxD.js]
[pixio-nuxt.vercel.app/footer-style-6.html]
[pixio-nuxt.vercel.app/_nuxt/Baeyx2o6.js]
[pixio-nuxt.vercel.app/footer-style-7.html]
[pixio-nuxt.vercel.app/_nuxt/DuMPzIoU.js]
[pixio-nuxt.vercel.app/_nuxt/cLIcxtb8.js]
[pixio-nuxt.vercel.app/account-orders.html]
[pixio-nuxt.vercel.app/_nuxt/DYFqSGKh.js]
[pixio-nuxt.vercel.app/account-order-details.html]
[pixio-nuxt.vercel.app/_nuxt/BqrvHDPj.js]
[pixio-nuxt.vercel.app/_nuxt/lriMhIiD.js]
[pixio-nuxt.vercel.app/_nuxt/confirmation.FkYq2Fwh.png]
[pixio-nuxt.vercel.app/account-order-confirmation.html]
[pixio-nuxt.vercel.app/account-downloads.html]
[pixio-nuxt.vercel.app/_nuxt/B-djkEid.js]
[pixio-nuxt.vercel.app/account-return-request.html]
[pixio-nuxt.vercel.app/_nuxt/CXGbOac0.js]
[pixio-nuxt.vercel.app/account-return-request-detail.html]
[pixio-nuxt.vercel.app/_nuxt/DAdLdRjE.js]
[pixio-nuxt.vercel.app/account-refund-requests-confirmed.html]
[pixio-nuxt.vercel.app/_nuxt/CXnZTKBc.js]
[pixio-nuxt.vercel.app/account-profile.html]
[pixio-nuxt.vercel.app/_nuxt/9HtoHx7H.js]
[pixio-nuxt.vercel.app/account-address.html]
[pixio-nuxt.vercel.app/_nuxt/BDMJpDir.js]
[pixio-nuxt.vercel.app/_nuxt/BTcq4eYw.js]
[pixio-nuxt.vercel.app/_nuxt/fedex.Ce6FB_ZJ.svg]
[pixio-nuxt.vercel.app/_nuxt/american.DihpONTu.svg]
[pixio-nuxt.vercel.app/account-shipping-methods.html]
[pixio-nuxt.vercel.app/_nuxt/dhl.prle_Yum.svg]
[pixio-nuxt.vercel.app/_nuxt/JmD7qOKR.js]
[pixio-nuxt.vercel.app/_nuxt/paypal.stqW7gub.svg]
[pixio-nuxt.vercel.app/_nuxt/bank.Cx0VGShL.svg]
[pixio-nuxt.vercel.app/account-payment-methods.html]
[pixio-nuxt.vercel.app/_nuxt/cash.TNRTnU0O.svg]
[pixio-nuxt.vercel.app/_nuxt/B4sPR0KK.js]
[pixio-nuxt.vercel.app/_nuxt/profile1.B8Zi9xnP.jpg]
[pixio-nuxt.vercel.app/_nuxt/profile2.BEZ40TXv.jpg]
[pixio-nuxt.vercel.app/_nuxt/profile3.DwBOXzZm.jpg]
[pixio-nuxt.vercel.app/_nuxt/profile4.DXjHFEWo.jpg]
[pixio-nuxt.vercel.app/account-review.html]
[pixio-nuxt.vercel.app/account-billing-address.html]
[pixio-nuxt.vercel.app/_nuxt/DzEuVWN3.js]
[pixio-nuxt.vercel.app/account-shipping-address.html]
[pixio-nuxt.vercel.app/_nuxt/CEC2DGv8.js]
[pixio-nuxt.vercel.app/account-cancellation-requests.html]
[pixio-nuxt.vercel.app/https_/www.facebook.com/dexignzone.html]
[pixio-nuxt.vercel.app/https_/twitter.com/dexignzones.html]
[pixio-nuxt.vercel.app/https_/www.linkedin.com/showcase/3686700/admin/index.html]
[pixio-nuxt.vercel.app/https_/www.instagram.com/dexignzone/index.html]
[pixio-nuxt.vercel.app/https_/www.dexignzone.com/index.html]
[pixio-nuxt.vercel.app/_nuxt/index.D5lUTu2n.css]
[pixio-nuxt.vercel.app/_nuxt/DBACcv5t.js]
[pixio-nuxt.vercel.app/w3menu.html]
[pixio-nuxt.vercel.app/blog-light-3-column.html]
[pixio-nuxt.vercel.app/https_/www.facebook.com/index.html]
[pixio-nuxt.vercel.app/https_/twitter.com/index.html]
[pixio-nuxt.vercel.app/https_/www.instagram.com/index.html]
[pixio-nuxt.vercel.app/https_/www.linkedin.com/index.html]
[pixio-nuxt.vercel.app/https_/www.behance.net/dexignzone.html]
[pixio-nuxt.vercel.app/https_/twitter.com/dexignzone.html]
[pixio-nuxt.vercel.app/https_/www.linkedin.com/in/dexignzone/index.html]
[pixio-nuxt.vercel.app/nav-1.html]
[pixio-nuxt.vercel.app/nav-2.html]
[pixio-nuxt.vercel.app/nav-3.html]
[pixio-nuxt.vercel.app/_nuxt/fedex.Ce6FB_ZJ.svg]
[pixio-nuxt.vercel.app/_nuxt/american.DihpONTu.svg]
[pixio-nuxt.vercel.app/_nuxt/dhl.prle_Yum.svg]
[pixio-nuxt.vercel.app/_nuxt/DXrJVTxk.js]
[pixio-nuxt.vercel.app/_nuxt/paypal.stqW7gub.svg]
[pixio-nuxt.vercel.app/_nuxt/bank.Cx0VGShL.svg]
[pixio-nuxt.vercel.app/_nuxt/cash.TNRTnU0O.svg]
[pixio-nuxt.vercel.app/account-dashboard.html]
